
Running 1 test using 1 worker

  ✘  1 [chromium] › tests\e2e\health.spec.ts:4:9 › Health Check API › should return system status and dependency connectivity (15ms)


  1) [chromium] › tests\e2e\health.spec.ts:4:9 › Health Check API › should return system status and dependency connectivity 

    Error: browserType.launch: Executable doesn't exist at C:\Users\HomePC\AppData\Local\ms-playwright\chromium_headless_shell-1208\chrome-headless-shell-win64\chrome-headless-shell.exe
    ╔═════════════════════════════════════════════════════════════════════════╗
    ║ Looks like Playwright Test or Playwright was just installed or updated. ║
    ║ Please run the following command to download new browsers:              ║
    ║                                                                         ║
    ║     npx playwright install                                              ║
    ║                                                                         ║
    ║ <3 Playwright Team                                                      ║
    ╚═════════════════════════════════════════════════════════════════════════╝

  1 failed
    [chromium] › tests\e2e\health.spec.ts:4:9 › Health Check API › should return system status and dependency connectivity 
